src/appointments/appointments.service.spec.ts(82,65): error TS2554: Expected 2 arguments, but got 3.
src/appointments/appointments.service.spec.ts(104,65): error TS2554: Expected 2 arguments, but got 3.
src/appointments/appointments.service.spec.ts(106,20): error TS2339: Property 'length' does not exist on type '{ formation: Record<string, FormationSlotResult[]>; pro?: undefined; } | { pro: Record<string, AvailableSlot[]>; formation?: undefined; }'.
  Property 'length' does not exist on type '{ formation: Record<string, FormationSlotResult[]>; pro?: undefined; }'.
src/appointments/appointments.service.spec.ts(134,65): error TS2554: Expected 2 arguments, but got 3.
src/appointments/appointments.service.spec.ts(174,9): error TS2353: Object literal may only specify known properties, and 'startTime' does not exist in type 'CreateAppointmentDto'.
src/appointments/appointments.service.spec.ts(178,36): error TS2554: Expected 3 arguments, but got 2.
src/appointments/appointments.service.spec.ts(214,9): error TS2353: Object literal may only specify known properties, and 'startTime' does not exist in type 'CreateAppointmentDto'.
src/appointments/appointments.service.spec.ts(217,28): error TS2554: Expected 3 arguments, but got 2.
src/appointments/appointments.service.spec.ts(232,9): error TS2353: Object literal may only specify known properties, and 'startTime' does not exist in type 'CreateAppointmentDto'.
src/appointments/appointments.service.spec.ts(235,28): error TS2554: Expected 3 arguments, but got 2.
test/full-flow.e2e-spec.ts(113,11): error TS2353: Object literal may only specify known properties, and 'name' does not exist in type '(Without<UserCreateInput, UserUncheckedCreateInput> & UserUncheckedCreateInput) | (Without<...> & UserCreateInput)'.
test/full-flow.e2e-spec.ts(125,11): error TS2353: Object literal may only specify known properties, and 'name' does not exist in type '(Without<UserCreateInput, UserUncheckedCreateInput> & UserUncheckedCreateInput) | (Without<...> & UserCreateInput)'.
