
> kompagni-api@0.0.1 test
> jest src/appointments/appointments.service.spec.ts

npm : FAIL src/appointments/appointments.service.spec.ts
Au caractère Ligne:1 : 1
+ npm run test src/appointments/appointments.service.spec.ts > test_out ...
+ ~~~~~~~~~~~~~~~~~~~~~~~~~~~~~~~~~~~~~~~~~~~~~~~~~~~~~~~~~~~~~~~~~~~~~
    + CategoryInfo          : NotSpecified: (FAIL src/appoin...service.spec.ts:Stri 
   ng) [], RemoteException
    + FullyQualifiedErrorId : NativeCommandError
 
  AppointmentsService
    getAvailableSlots
      ├ù should return slots within working hours excluding booked ones (21 ms)
      ├ù should exclude lunch breaks (6 ms)
      ├ù should exclude absences (5 ms)
    create
      ÔêÜ should create an appointment successfully (3 ms)
      ÔêÜ should throw BadRequest if overlaps with existing appointment (10 ms)
      ÔêÜ should handle P2034 race condition error (2 ms)

  ÔùÅ AppointmentsService ÔÇ║ getAvailableSlots ÔÇ║ should return slots within 
working hours excluding booked ones

    expect(received).toEqual(expected) // deep equality

    - Expected  - 1
    + Received  + 2

      Array [
    +   "2023-12-25T08:00:00.000Z",
    +   "2023-12-25T08:30:00.000Z",
        "2023-12-25T09:00:00.000Z",
    -   "2023-12-25T10:00:00.000Z",
      ]

    [0m [90m 75 |[39m             [36mconst[39m slots [33m=[39m 
[36mawait[39m service[33m.[39mgetAvailableSlots([32m'p1'[39m[33m,[39m 
[32m's1'[39m[33m,[39m [32m'2023-12-25'[39m)[33m;[39m
     [90m 76 |[39m             [90m// Expect 09:00 is free, 09:30 is booked, 
10:00 is free (ends at 10:30)[39m
    [31m[1m>[22m[39m[90m 77 |[39m             
expect(slots)[33m.[39mtoEqual([
     [90m    |[39m                           [31m[1m^[22m[39m
     [90m 78 |[39m                 
dayjs([32m'2023-12-25T09:00:00.000Z'[39m)[33m.[39mtoISOString()[33m,[39m
     [90m 79 |[39m                 
dayjs([32m'2023-12-25T10:00:00.000Z'[39m)[33m.[39mtoISOString()[33m,[39m
     [90m 80 |[39m             ])[33m;[39m[0m

      at Object.<anonymous> (appointments/appointments.service.spec.ts:77:27)

  ÔùÅ AppointmentsService ÔÇ║ getAvailableSlots ÔÇ║ should exclude lunch breaks

    expect(received).not.toContain(expected) // indexOf

    Expected value: not "2023-12-25T12:00:00.000Z"
    Received array:     ["2023-12-25T08:00:00.000Z", "2023-12-25T09:00:00.000Z", 
"2023-12-25T10:00:00.000Z", "2023-12-25T12:00:00.000Z"]

    [0m [90m 103 |[39m             [90m// 13-14: OK[39m
     [90m 104 |[39m             
expect(slots[33m.[39mlength)[33m.[39mtoBe([35m4[39m)[33m;[39m
    [31m[1m>[22m[39m[90m 105 |[39m             expect(slots)[33m.[39mnot[33
m.[39mtoContain(dayjs([32m'2023-12-25T12:00:00.000Z'[39m)[33m.[39mtoISOString()
)[33m;[39m
     [90m     |[39m                               [31m[1m^[22m[39m
     [90m 106 |[39m         })[33m;[39m
     [90m 107 |[39m
     [90m 108 |[39m         it([32m'should exclude absences'[39m[33m,[39m 
[36masync[39m () [33m=>[39m {[0m

      at Object.<anonymous> (appointments/appointments.service.spec.ts:105:31)

  ÔùÅ AppointmentsService ÔÇ║ getAvailableSlots ÔÇ║ should exclude absences

    expect(received).toEqual(expected) // deep equality

    - Expected  - 1
    + Received  + 1

      Array [
    +   "2023-12-25T08:00:00.000Z",
        "2023-12-25T09:00:00.000Z",
    -   "2023-12-25T11:00:00.000Z",
      ]

    [0m [90m 128 |[39m             [90m// 10-11: Absent[39m
     [90m 129 |[39m             [90m// 11-12: OK[39m
    [31m[1m>[22m[39m[90m 130 |[39m             
expect(slots)[33m.[39mtoEqual([
     [90m     |[39m                           [31m[1m^[22m[39m
     [90m 131 |[39m                 
dayjs([32m'2023-12-25T09:00:00.000Z'[39m)[33m.[39mtoISOString()[33m,[39m
     [90m 132 |[39m                 
dayjs([32m'2023-12-25T11:00:00.000Z'[39m)[33m.[39mtoISOString()[33m,[39m
     [90m 133 |[39m             ])[33m;[39m[0m

      at Object.<anonymous> (appointments/appointments.service.spec.ts:130:27)

Test Suites: 1 failed, 1 total
Tests:       3 failed, 3 passed, 6 total
Snapshots:   0 total
Time:        1.447 s, estimated 2 s
Ran all test suites matching src/appointments/appointments.service.spec.ts.
